---
source: tests/tui_ui_snapshots.rs
expression: rendered
---
"┌──────────────────────────────────────────────────────────────────────────────┐"
"│                    kodo | daily | 2024-01-01 → 2024-01-07                    │"
"└──────────────────────────────────────────────────────────────────────────────┘"
"┌ Files Changed (Total: 53) ───────────────────────────────────────────────────┐"
"│14│                                                                           │"
"│  │                                              ⢀⡠⠔⠊⢆                        │"
"│  │          ⢀⡠⢄                             ⢀⡠⠔⠊⠁    ⠣⡀                      │"
"│  │     ⢀⣀⠤⠒⠊⠁  ⠑⢄                       ⢀⡠⠔⠊⠁         ⠘⢄                     │"
"│  │ ⣀⠤⠔⠊⠁         ⠉⠢⡀                 ⢀⠤⠊⠁              ⠈⢢                    │"
"│  │⠉                ⠈⠢⡀            ⣀⠔⠊⠁                   ⠱⡀                  │"
"│7 │                   ⠈⠢⣀       ⣀⠔⠊                        ⠈⢆                ⢀│"
"│  │                      ⠑⢄  ⡠⠔⠊                             ⠣⡀          ⢀⡠⠔⠊⠁│"
"│  │                        ⠑⠉                                 ⠑⢄     ⢀⡠⠔⠊⠁    │"
"│  │                                                            ⠈⢢⢀⡠⠔⠊⠁        │"
"│  │                                                              ⠁            │"
"│0 │                                                                           │"
"└──────────────────────────────────────────────────────────────────────────────┘"
"┌──────────────────────────────────────────────────────────────────────────────┐"
"│           [Tab] Switch | [m] Mode: Single: Files Changed | [q] Quit          │"
"└──────────────────────────────────────────────────────────────────────────────┘"
