---
source: tests/tui_ui_snapshots.rs
expression: rendered
---
"┌──────────────────────────────────────────────────────────────────────────────┐"
"│                    kodo | daily | 2024-01-01 → 2024-01-07                    │"
"└──────────────────────────────────────────────────────────────────────────────┘"
"┌ Commits (Total: 24) ─────────────────────────────────────────────────────────┐"
"│6│                                                                            │"
"│ │                                               ⣀⠤⠒⠱⡀                        │"
"│ │            ⢀                              ⢀⡠⠔⠉    ⠈⢆                       │"
"│ │        ⢀⡠⠔⠊⠁⠑⠤⡀                        ⣀⠤⠊⠁         ⠣⡀                     │"
"│ │     ⣀⠤⠒⠁      ⠈⠢⣀                  ⢀⡠⠒⠉              ⠘⢄                    │"
"│ │ ⢀⡠⠔⠊             ⠑⢄             ⡠⠔⠊⠁                  ⠈⠢⡀                  │"
"│3│⠊⠁                  ⠉⠢⡀      ⢀⠤⠒⠉                        ⠑⡄              ⢀⡠⠔│"
"│ │                      ⠈⠒⢄⢀⡠⠔⠊⠁                            ⠈⢢         ⢀⡠⠔⠊⠁  │"
"│ │                         ⠁                                  ⠱⡀    ⣀⠤⠒⠁      │"
"│ │                                                             ⠈⢆⠤⠒⠉          │"
"│ │                                                                            │"
"│0│                                                                            │"
"└──────────────────────────────────────────────────────────────────────────────┘"
"┌──────────────────────────────────────────────────────────────────────────────┐"
"│              [Tab] Switch | [m] Mode: Single: Commits | [q] Quit             │"
"└──────────────────────────────────────────────────────────────────────────────┘"
